// Jest Snapshot v1, https://goo.gl/fbAQLP

exports[`CategoryPanelの単体テスト スナップショットテスト 1`] = `
<div>
  <div
    class="nav-panel max-tablet:animate-fadeIn max-tablet:hidden"
    id="category-panel"
  >
    <h2
      class="nav-title"
    >
      カテゴリー検索
    </h2>
    <div
      class="flex flex-col gap-y-4 panel-inner"
    >
      <ul
        class=" flex justify-between"
      >
        <li>
          <a
            class="flex h-10 w-fit items-center justify-center border border-gray px-4 transition-colors duration-500 hover:border-blue"
            href="/category/sober/new/1"
          >
            渋い
          </a>
        </li>
        <li>
          <a
            class="flex h-10 w-fit items-center justify-center border border-gray px-4 transition-colors duration-500 hover:border-blue"
            href="/category/tart/new/1"
          >
            酸っぱい
          </a>
        </li>
        <li>
          <a
            class="flex h-10 w-fit items-center justify-center border border-gray px-4 transition-colors duration-500 hover:border-blue"
            href="/category/fruity/new/1"
          >
            果実味豊か
          </a>
        </li>
      </ul>
      <ul
        class="flex justify-end gap-6"
      >
        <li>
          <a
            class="flex h-10 w-fit items-center justify-center border border-gray px-4 transition-colors duration-500 hover:border-blue"
            href="/category/white/new/1"
          >
            辛口白
          </a>
        </li>
        <li>
          <a
            class="flex h-10 w-fit items-center justify-center border border-gray px-4 transition-colors duration-500 hover:border-blue"
            href="/category/sweet/new/1"
          >
            甘口白
          </a>
        </li>
      </ul>
      <ul
        class="flex justify-end gap-6"
      >
        <li>
          <a
            class="flex h-10 w-fit items-center justify-center border border-gray px-4 transition-colors duration-500 hover:border-blue"
            href="/category/rose/new/1"
          >
            ロゼ
          </a>
        </li>
        <li>
          <a
            class="flex h-10 w-fit items-center justify-center border border-gray px-4 transition-colors duration-500 hover:border-blue"
            href="/category/orange/new/1"
          >
            オレンジ
          </a>
        </li>
      </ul>
      <ul
        class="flex justify-end gap-6"
      >
        <li>
          <a
            class="flex h-10 w-fit items-center justify-center border border-gray px-4 transition-colors duration-500 hover:border-blue"
            href="/category/sparkling/new/1"
          >
            スパークリング
          </a>
        </li>
        <li>
          <a
            class="flex h-10 w-fit items-center justify-center border border-gray px-4 transition-colors duration-500 hover:border-blue"
            href="/category/fortified/new/1"
          >
            酒精強化
          </a>
        </li>
      </ul>
    </div>
  </div>
</div>
`;
