// Jest Snapshot v1, https://goo.gl/fbAQLP

exports[`CategoryPanelの単体テスト スナップショットテスト 1`] = `
<div>
  <div
    class="nav-panel"
  >
    <h2
      class="nav-title"
    >
      カテゴリー検索
    </h2>
    <div
      class="flex flex-col gap-y-4 panel-inner"
    >
      <ul
        class=" flex justify-between"
      >
        <li>
          <a
            class="flex h-10 w-fit items-center justify-center border border-gray px-4 transition-colors duration-500 hover:border-blue"
            href="/sober"
          >
            渋い
          </a>
        </li>
        <li>
          <a
            class="flex h-10 w-fit items-center justify-center border border-gray px-4 transition-colors duration-500 hover:border-blue"
            href="/tart"
          >
            酸っぱい
          </a>
        </li>
        <li>
          <a
            class="flex h-10 w-fit items-center justify-center border border-gray px-4 transition-colors duration-500 hover:border-blue"
            href="/fruity"
          >
            果実味豊か
          </a>
        </li>
      </ul>
      <ul
        class="flex justify-end gap-6"
      >
        <li>
          <a
            class="flex h-10 w-fit items-center justify-center border border-gray px-4 transition-colors duration-500 hover:border-blue"
            href="/white"
          >
            辛口白
          </a>
        </li>
        <li>
          <a
            class="flex h-10 w-fit items-center justify-center border border-gray px-4 transition-colors duration-500 hover:border-blue"
            href="/sweet"
          >
            甘口白
          </a>
        </li>
      </ul>
      <ul
        class="flex justify-end gap-6"
      >
        <li>
          <a
            class="flex h-10 w-fit items-center justify-center border border-gray px-4 transition-colors duration-500 hover:border-blue"
            href="/rose"
          >
            ロゼ
          </a>
        </li>
        <li>
          <a
            class="flex h-10 w-fit items-center justify-center border border-gray px-4 transition-colors duration-500 hover:border-blue"
            href="/orange"
          >
            オレンジ
          </a>
        </li>
      </ul>
      <ul
        class="flex justify-end gap-6"
      >
        <li>
          <a
            class="flex h-10 w-fit items-center justify-center border border-gray px-4 transition-colors duration-500 hover:border-blue"
            href="/sparkling"
          >
            スパークリング
          </a>
        </li>
        <li>
          <a
            class="flex h-10 w-fit items-center justify-center border border-gray px-4 transition-colors duration-500 hover:border-blue"
            href="/fortified"
          >
            酒精強化
          </a>
        </li>
      </ul>
    </div>
  </div>
</div>
`;
