// Jest Snapshot v1, https://goo.gl/fbAQLP

exports[`WideArticleの単体テスト WideArticleコンポーネントが存在することを確認する 1`] = `
<div>
  <a
    class="block @container"
    href="/article/4be1f2ab-b3b3-4599-b1a1-a73d280f5033"
  >
    <article
      class="group flex flex-col border border-gray transition-colors duration-300 hover:border-blue @[767px]:flex-row"
    >
      <div
        class="aspect-video w-full shrink-0 overflow-hidden @[767px]:aspect-auto @[767px]:h-auto @[767px]:w-[20.8125rem]"
      >
        <figure
          class="relative h-full w-full bg-gray transition-transform duration-300 group-hover:scale-110"
          style="position: relative;"
        >
          <img
            alt="コノスル カベルネソーヴィニヨン ビシクレタ・レゼルバの画像"
            data-nimg="fill"
            decoding="async"
            fetchpriority="high"
            loading="eager"
            sizes="(min-width: 768px) 20.8125rem, 100vw"
            src="/_next/image?url=%2Fimg.jpg&w=3840&q=75"
            srcset="/_next/image?url=%2Fimg.jpg&w=640&q=75 640w, /_next/image?url=%2Fimg.jpg&w=750&q=75 750w, /_next/image?url=%2Fimg.jpg&w=828&q=75 828w, /_next/image?url=%2Fimg.jpg&w=1080&q=75 1080w, /_next/image?url=%2Fimg.jpg&w=1200&q=75 1200w, /_next/image?url=%2Fimg.jpg&w=1920&q=75 1920w, /_next/image?url=%2Fimg.jpg&w=2048&q=75 2048w, /_next/image?url=%2Fimg.jpg&w=3840&q=75 3840w"
            style="position: absolute; height: 100%; width: 100%; left: 0px; top: 0px; right: 0px; bottom: 0px; object-fit: contain; color: transparent;"
          />
        </figure>
      </div>
      <div
        class="flex-1 space-y-4 p-2 @[767px]:px-3 @[767px]:py-5 "
      >
        <h3
          class="text-heading3"
        >
          コノスル カベルネソーヴィニヨン ビシクレタ・レゼルバ
        </h3>
        <div
          class="flex w-fit items-center gap-2"
        >
          <div
            class="w-fit rounded-[3.2rem] border border-black px-2 py-[0.125rem] text-black text-base"
          >
            渋い
          </div>
          <div
            class="w-fit rounded-[3.2rem] border border-black px-2 py-[0.125rem] text-black text-base"
          >
            樽熟成
          </div>
        </div>
        <div
          class="flex w-fit gap-x-4"
        >
          <p
            class="text-main-text"
          >
            渋味
            :
            3
          </p>
          <p
            class="text-main-text"
          >
            酸味
            :
            3
          </p>
          <p
            class="text-main-text"
          >
            果実味
            :
            3
          </p>
        </div>
        <div
          class="flex justify-between"
        >
          <p
            class="text-main-text"
          >
            ワイン大好き太郎
          </p>
          <p
            class="text-main-text"
          >
            1500
            円
          </p>
        </div>
      </div>
    </article>
  </a>
</div>
`;
