// Jest Snapshot v1, https://goo.gl/fbAQLP

exports[`HeroHeaderの単体テスト propsのtitleが表示される 1`] = `
<div>
  <div
    class="absolute inset-0 z-front flex h-full w-full items-center justify-end hero-mobile-overlay tablet:hero-overlay"
  >
    <div
      class="mx-auto flex w-full max-w-[87rem] items-center justify-end px-6"
    >
      <h2
        class="text-heading2 font-bold text-white"
      >
        新着ワイン
      </h2>
    </div>
  </div>
</div>
`;
