// Jest Snapshot v1, https://goo.gl/fbAQLP

exports[`Modalの単体テスト スナップショットテスト 1`] = `
<div>
  <dialog
    class="relative animate-fadeIn border border-gray bg-white px-4 py-4 shadow-md backdrop:bg-[rgba(255,255,255,0.6)] backdrop:backdrop-blur-[4px] max-tablet:mx-4 tablet:w-[400px]"
  >
    <p
      class="text-base"
    >
      ご登録いただいたメールアドレスへ確認メールを送信しました。
    </p>
    <p
      class="text-base"
    >
      メール内のリンクより登録を完了してください。
    </p>
    <button
      class="mx-auto mt-4 block border-2 border-gray px-3 py-1 transition-colors duration-300 hover:border-blue focus:border-blue focus:outline-none"
      type="button"
    >
      閉じる
    </button>
  </dialog>
</div>
`;
