// Jest Snapshot v1, https://goo.gl/fbAQLP

exports[`SearchFormの結合テスト スナップショットテスト 1`] = `
<div>
  <style
    data-mantine-styles="classes"
  >
    @media (max-width: 35.99375em) {.mantine-visible-from-xs {display: none !important;}}@media (min-width: 36em) {.mantine-hidden-from-xs {display: none !important;}}@media (max-width: 47.99375em) {.mantine-visible-from-sm {display: none !important;}}@media (min-width: 48em) {.mantine-hidden-from-sm {display: none !important;}}@media (max-width: 61.99375em) {.mantine-visible-from-md {display: none !important;}}@media (min-width: 62em) {.mantine-hidden-from-md {display: none !important;}}@media (max-width: 74.99375em) {.mantine-visible-from-lg {display: none !important;}}@media (min-width: 75em) {.mantine-hidden-from-lg {display: none !important;}}@media (max-width: 87.99375em) {.mantine-visible-from-xl {display: none !important;}}@media (min-width: 88em) {.mantine-hidden-from-xl {display: none !important;}}
  </style>
  <div
    class="nav-panel max-tablet:animate-fadeIn max-tablet:hidden"
    id="free-search-panel"
  >
    <h2
      class="nav-title"
    >
      フリーワード検索
    </h2>
    <form
      class="flex w-full flex-col items-end justify-end gap-y-3"
      role="search"
    >
      <div
        class="w-full focus:border-blue m_46b77525 mantine-InputWrapper-root mantine-TextInput-root"
      >
        <div
          class="m_6c018570 mantine-Input-wrapper mantine-TextInput-wrapper"
          data-variant="default"
          data-with-left-section="true"
          style="--input-right-section-pointer-events: all;"
        >
          <div
            class="m_82577fc2 mantine-Input-section mantine-TextInput-section"
            data-position="left"
          >
            <svg
              aria-hidden="true"
              class="svg-inline--fa fa-magnifying-glass "
              data-icon="magnifying-glass"
              data-prefix="fas"
              focusable="false"
              role="img"
              viewBox="0 0 512 512"
              xmlns="http://www.w3.org/2000/svg"
            >
              <path
                d="M416 208c0 45.9-14.9 88.3-40 122.7L502.6 457.4c12.5 12.5 12.5 32.8 0 45.3s-32.8 12.5-45.3 0L330.7 376c-34.4 25.2-76.8 40-122.7 40C93.1 416 0 322.9 0 208S93.1 0 208 0S416 93.1 416 208zM208 352a144 144 0 1 0 0-288 144 144 0 1 0 0 288z"
                fill="currentColor"
              />
            </svg>
          </div>
          <input
            aria-invalid="false"
            aria-label="search"
            class="m_8fb7ebe7 mantine-Input-input mantine-TextInput-input"
            data-variant="default"
            id="search"
            name="search"
            placeholder="検索"
            value=""
          />
        </div>
      </div>
      <button
        class="border-2 border-gray px-3 py-1 transition-colors duration-300 hover:border-blue focus:border-blue focus:outline-none"
        type="submit"
      >
        検索
      </button>
    </form>
  </div>
</div>
`;
