// Jest Snapshot v1, https://goo.gl/fbAQLP

exports[`TopPageContainerの単体テスト スナップショットテスト 1`] = `
<div>
  <section
    class="tablet:pt-30 flex w-full flex-col gap-7 pt-16 first-of-type:pt-0 tablet:w-[20.75rem] tablet:px-0 laptop:w-[43.0625rem] desktop:w-[64.9375rem] px-6"
    data-testid="top-page-container"
  />
</div>
`;
